[2026-05-14 00:38:32] === autopilot start budget=$14.50 run_name=full_run_v1 model=xai/grok-4.3
[2026-05-14 00:38:32] waiting for build100.log to report BUILD100_EXIT=...
[2026-05-14 00:41:45] === autopilot start run_name=full_run_v1 model=xai/grok-4.3 (no budget cap; stops on xAI balance-exhausted)
[2026-05-14 00:41:45] waiting for build100.log to report BUILD100_EXIT=...
[2026-05-14 00:48:59] === autopilot start run_name=full_run_v1 model=xai/grok-4.3 (no budget cap; stops on xAI balance-exhausted)
[2026-05-14 00:48:59] pid=32342 pidfile=/tmp/autopilot.pid
[2026-05-14 00:48:59] waiting for build100.log to report BUILD100_EXIT=...
[2026-05-14 01:27:04] === autopilot start run_name=full_run_v1 model=xai/grok-4.3 (no budget cap; stops on xAI balance-exhausted)
[2026-05-14 01:27:04] pid=59856 pidfile=/tmp/autopilot.pid
[2026-05-14 01:27:04] waiting for build100.log to report BUILD100_EXIT=...
[2026-05-14 01:27:04] build done. successfully_built=33 errors=81
[2026-05-14 01:27:04] retrying 81 failed image builds (sequential, time_budget=1800s, per_build_timeout=480s)…
[2026-05-14 01:27:04]   retry Automattic__pocket-casts-android-pr_757 ...
[2026-05-14 01:27:30]     FAIL rc=1 stderr_tail='it tag -d \\"$tag\\";         fi;     done &&     git reflog expire --expire=now --all &&     git gc --prune=now --aggressive &&     ./gradlew assembleDebug" did not complete successfully: exit code: 1\n'
[2026-05-14 01:27:30]   retry Automattic__pocket-casts-android-pr_1114 ...
[2026-05-14 01:28:00]     FAIL rc=1 stderr_tail='it tag -d \\"$tag\\";         fi;     done &&     git reflog expire --expire=now --all &&     git gc --prune=now --aggressive &&     ./gradlew assembleDebug" did not complete successfully: exit code: 1\n'
[2026-05-14 01:28:00]   retry Automattic__pocket-casts-android-pr_3970 ...
[2026-05-14 01:28:30]     FAIL rc=1 stderr_tail='it tag -d \\"$tag\\";         fi;     done &&     git reflog expire --expire=now --all &&     git gc --prune=now --aggressive &&     ./gradlew assembleDebug" did not complete successfully: exit code: 1\n'
[2026-05-14 01:28:30]   retry CatimaLoyalty__Android-pr_1588 ...
[2026-05-14 01:28:54]     FAIL rc=1 stderr_tail='it tag -d \\"$tag\\";         fi;     done &&     git reflog expire --expire=now --all &&     git gc --prune=now --aggressive &&     ./gradlew assembleDebug" did not complete successfully: exit code: 1\n'
[2026-05-14 01:28:54]   retry CatimaLoyalty__Android-pr_1524 ...
[2026-05-14 01:29:25]     FAIL rc=1 stderr_tail='it tag -d \\"$tag\\";         fi;     done &&     git reflog expire --expire=now --all &&     git gc --prune=now --aggressive &&     ./gradlew assembleDebug" did not complete successfully: exit code: 1\n'
[2026-05-14 01:29:25]   retry LemmyNet__jerboa-pr_1122 ...
[2026-05-14 01:29:42]     FAIL rc=1 stderr_tail='it tag -d \\"$tag\\";         fi;     done &&     git reflog expire --expire=now --all &&     git gc --prune=now --aggressive &&     ./gradlew assembleDebug" did not complete successfully: exit code: 1\n'
[2026-05-14 01:29:42]   retry LemmyNet__jerboa-pr_1114 ...
[2026-05-14 01:29:59]     FAIL rc=1 stderr_tail='it tag -d \\"$tag\\";         fi;     done &&     git reflog expire --expire=now --all &&     git gc --prune=now --aggressive &&     ./gradlew assembleDebug" did not complete successfully: exit code: 1\n'
[2026-05-14 01:29:59]   retry LemmyNet__jerboa-pr_1068 ...
[2026-05-14 01:30:16]     FAIL rc=1 stderr_tail='it tag -d \\"$tag\\";         fi;     done &&     git reflog expire --expire=now --all &&     git gc --prune=now --aggressive &&     ./gradlew assembleDebug" did not complete successfully: exit code: 1\n'
[2026-05-14 01:30:16]   retry LemmyNet__jerboa-pr_1198 ...
[2026-05-14 01:30:33]     FAIL rc=1 stderr_tail='it tag -d \\"$tag\\";         fi;     done &&     git reflog expire --expire=now --all &&     git gc --prune=now --aggressive &&     ./gradlew assembleDebug" did not complete successfully: exit code: 1\n'
[2026-05-14 01:30:33]   retry LemmyNet__jerboa-pr_1485 ...
[2026-05-14 01:30:50]     FAIL rc=1 stderr_tail='it tag -d \\"$tag\\";         fi;     done &&     git reflog expire --expire=now --all &&     git gc --prune=now --aggressive &&     ./gradlew assembleDebug" did not complete successfully: exit code: 1\n'
[2026-05-14 01:30:50]   retry LemmyNet__jerboa-pr_809 ...
[2026-05-14 01:31:07]     FAIL rc=1 stderr_tail='it tag -d \\"$tag\\";         fi;     done &&     git reflog expire --expire=now --all &&     git gc --prune=now --aggressive &&     ./gradlew assembleDebug" did not complete successfully: exit code: 1\n'
[2026-05-14 01:31:07]   retry LemmyNet__jerboa-pr_941 ...
[2026-05-14 01:31:23]     FAIL rc=1 stderr_tail='it tag -d \\"$tag\\";         fi;     done &&     git reflog expire --expire=now --all &&     git gc --prune=now --aggressive &&     ./gradlew assembleDebug" did not complete successfully: exit code: 1\n'
[2026-05-14 01:31:23]   retry LemmyNet__jerboa-pr_894 ...
[2026-05-14 01:31:39]     FAIL rc=1 stderr_tail='it tag -d \\"$tag\\";         fi;     done &&     git reflog expire --expire=now --all &&     git gc --prune=now --aggressive &&     ./gradlew assembleDebug" did not complete successfully: exit code: 1\n'
[2026-05-14 01:31:39]   retry LemmyNet__jerboa-pr_868 ...
[2026-05-14 01:31:55]     FAIL rc=1 stderr_tail='it tag -d \\"$tag\\";         fi;     done &&     git reflog expire --expire=now --all &&     git gc --prune=now --aggressive &&     ./gradlew assembleDebug" did not complete successfully: exit code: 1\n'
[2026-05-14 01:31:56]   retry LemmyNet__jerboa-pr_947 ...
[2026-05-14 01:32:12]     FAIL rc=1 stderr_tail='it tag -d \\"$tag\\";         fi;     done &&     git reflog expire --expire=now --all &&     git gc --prune=now --aggressive &&     ./gradlew assembleDebug" did not complete successfully: exit code: 1\n'
[2026-05-14 01:32:12]   retry LemmyNet__jerboa-pr_946 ...
[2026-05-14 01:32:28]     FAIL rc=1 stderr_tail='it tag -d \\"$tag\\";         fi;     done &&     git reflog expire --expire=now --all &&     git gc --prune=now --aggressive &&     ./gradlew assembleDebug" did not complete successfully: exit code: 1\n'
[2026-05-14 01:32:28]   retry LemmyNet__jerboa-pr_985 ...
[2026-05-14 01:32:45]     FAIL rc=1 stderr_tail='it tag -d \\"$tag\\";         fi;     done &&     git reflog expire --expire=now --all &&     git gc --prune=now --aggressive &&     ./gradlew assembleDebug" did not complete successfully: exit code: 1\n'
[2026-05-14 01:32:45]   retry MohamedRejeb__compose-rich-editor-pr_357 ...
[2026-05-14 01:33:00]     FAIL rc=1 stderr_tail='it tag -d \\"$tag\\";         fi;     done &&     git reflog expire --expire=now --all &&     git gc --prune=now --aggressive &&     ./gradlew assembleDebug" did not complete successfully: exit code: 1\n'
[2026-05-14 01:33:00]   retry MohamedRejeb__compose-rich-editor-pr_363 ...
[2026-05-14 01:33:15]     FAIL rc=1 stderr_tail='it tag -d \\"$tag\\";         fi;     done &&     git reflog expire --expire=now --all &&     git gc --prune=now --aggressive &&     ./gradlew assembleDebug" did not complete successfully: exit code: 1\n'
[2026-05-14 01:33:15]   retry MohamedRejeb__compose-rich-editor-pr_367 ...
[2026-05-14 01:33:30]     FAIL rc=1 stderr_tail='it tag -d \\"$tag\\";         fi;     done &&     git reflog expire --expire=now --all &&     git gc --prune=now --aggressive &&     ./gradlew assembleDebug" did not complete successfully: exit code: 1\n'
[2026-05-14 01:33:30]   retry MohamedRejeb__compose-rich-editor-pr_379 ...
[2026-05-14 01:33:45]     FAIL rc=1 stderr_tail='it tag -d \\"$tag\\";         fi;     done &&     git reflog expire --expire=now --all &&     git gc --prune=now --aggressive &&     ./gradlew assembleDebug" did not complete successfully: exit code: 1\n'
[2026-05-14 01:33:45]   retry MohamedRejeb__compose-rich-editor-pr_403 ...
[2026-05-14 01:34:01]     FAIL rc=1 stderr_tail='it tag -d \\"$tag\\";         fi;     done &&     git reflog expire --expire=now --all &&     git gc --prune=now --aggressive &&     ./gradlew assembleDebug" did not complete successfully: exit code: 1\n'
[2026-05-14 01:34:01]   retry MohamedRejeb__compose-rich-editor-pr_445 ...
[2026-05-14 01:34:16]     FAIL rc=1 stderr_tail='it tag -d \\"$tag\\";         fi;     done &&     git reflog expire --expire=now --all &&     git gc --prune=now --aggressive &&     ./gradlew assembleDebug" did not complete successfully: exit code: 1\n'
[2026-05-14 01:34:16]   retry MohamedRejeb__compose-rich-editor-pr_523 ...
[2026-05-14 01:34:31]     FAIL rc=1 stderr_tail='it tag -d \\"$tag\\";         fi;     done &&     git reflog expire --expire=now --all &&     git gc --prune=now --aggressive &&     ./gradlew assembleDebug" did not complete successfully: exit code: 1\n'
[2026-05-14 01:34:32]   retry airbnb__lottie-android-pr_2427 ...
[2026-05-14 01:35:15]     FAIL rc=1 stderr_tail='it tag -d \\"$tag\\";         fi;     done &&     git reflog expire --expire=now --all &&     git gc --prune=now --aggressive &&     ./gradlew assembleDebug" did not complete successfully: exit code: 1\n'
[2026-05-14 01:35:15]   retry android__nowinandroid-pr_553 ...
[2026-05-14 01:35:32]     FAIL rc=1 stderr_tail='ag -d \\"$tag\\";         fi;     done &&     git reflog expire --expire=now --all &&     git gc --prune=now --aggressive &&     ./gradlew assembleDemoDebug" did not complete successfully: exit code: 1\n'
[2026-05-14 01:35:32]   retry android__nowinandroid-pr_720 ...
[2026-05-14 01:35:49]     FAIL rc=1 stderr_tail='ag -d \\"$tag\\";         fi;     done &&     git reflog expire --expire=now --all &&     git gc --prune=now --aggressive &&     ./gradlew assembleDemoDebug" did not complete successfully: exit code: 1\n'
[2026-05-14 01:35:49]   retry android_androidify_gradleplugin ...
[2026-05-14 01:36:18]     FAIL rc=1 stderr_tail='g expire --expire=now --all &&     git gc --prune=now --aggressive &&     cp test-google-services.json app/google-services.json && ./gradlew assembleDebug" did not complete successfully: exit code: 1\n'
[2026-05-14 01:36:18]   retry arkivanov__Decompose-pr_394 ...
[2026-05-14 01:36:43]     FAIL rc=1 stderr_tail='it tag -d \\"$tag\\";         fi;     done &&     git reflog expire --expire=now --all &&     git gc --prune=now --aggressive &&     ./gradlew assembleDebug" did not complete successfully: exit code: 1\n'
[2026-05-14 01:36:43]   retry arkivanov__Decompose-pr_388 ...
[2026-05-14 01:37:08]     FAIL rc=1 stderr_tail='it tag -d \\"$tag\\";         fi;     done &&     git reflog expire --expire=now --all &&     git gc --prune=now --aggressive &&     ./gradlew assembleDebug" did not complete successfully: exit code: 1\n'
[2026-05-14 01:37:08]   retry badoo__Reaktive-pr_735 ...
[2026-05-14 01:37:25]     FAIL rc=1 stderr_tail='it tag -d \\"$tag\\";         fi;     done &&     git reflog expire --expire=now --all &&     git gc --prune=now --aggressive &&     ./gradlew assembleDebug" did not complete successfully: exit code: 1\n'
[2026-05-14 01:37:25]   retry badoo__Reaktive-pr_763 ...
[2026-05-14 01:37:42]     FAIL rc=1 stderr_tail='it tag -d \\"$tag\\";         fi;     done &&     git reflog expire --expire=now --all &&     git gc --prune=now --aggressive &&     ./gradlew assembleDebug" did not complete successfully: exit code: 1\n'
[2026-05-14 01:37:42]   retry badoo__Reaktive-pr_786 ...
[2026-05-14 01:37:59]     FAIL rc=1 stderr_tail='it tag -d \\"$tag\\";         fi;     done &&     git reflog expire --expire=now --all &&     git gc --prune=now --aggressive &&     ./gradlew assembleDebug" did not complete successfully: exit code: 1\n'
[2026-05-14 01:37:59]   retry badoo__Reaktive-pr_764 ...
[2026-05-14 01:38:16]     FAIL rc=1 stderr_tail='it tag -d \\"$tag\\";         fi;     done &&     git reflog expire --expire=now --all &&     git gc --prune=now --aggressive &&     ./gradlew assembleDebug" did not complete successfully: exit code: 1\n'
[2026-05-14 01:38:16]   retry arkivanov__Decompose-pr_646 ...
[2026-05-14 01:38:55]     FAIL rc=1 stderr_tail='it tag -d \\"$tag\\";         fi;     done &&     git reflog expire --expire=now --all &&     git gc --prune=now --aggressive &&     ./gradlew assembleDebug" did not complete successfully: exit code: 1\n'
[2026-05-14 01:38:55]   retry bitfireAT__davx5-ose-pr_1267 ...
[2026-05-14 01:39:22]     FAIL rc=1 stderr_tail='it tag -d \\"$tag\\";         fi;     done &&     git reflog expire --expire=now --all &&     git gc --prune=now --aggressive &&     ./gradlew assembleDebug" did not complete successfully: exit code: 1\n'
[2026-05-14 01:39:22]   retry bitfireAT__davx5-ose-pr_1504 ...
[2026-05-14 01:39:50]     FAIL rc=1 stderr_tail='it tag -d \\"$tag\\";         fi;     done &&     git reflog expire --expire=now --all &&     git gc --prune=now --aggressive &&     ./gradlew assembleDebug" did not complete successfully: exit code: 1\n'
[2026-05-14 01:39:50]   retry bitfireAT__davx5-ose-pr_1512 ...
[2026-05-14 01:40:02] === autopilot start run_name=full_run_v1 model=xai/grok-4.3 (no budget cap; stops on xAI balance-exhausted)
[2026-05-14 01:40:02] pid=79678 pidfile=/tmp/autopilot.pid
[2026-05-14 01:40:02] waiting for build100.log to report BUILD100_EXIT=...
[2026-05-14 01:40:02] build done. successfully_built=33 errors=81
[2026-05-14 01:40:02] task universe: 100
[2026-05-14 01:40:02] resume: pre_inferred=0 pre_spend=$0.0000
[2026-05-14 01:40:03] [1/100] AlphaWallet__alpha-wallet-android-pr_3329: inference (running_total=$0.0000)
[2026-05-14 01:40:03]   infer cmd: /home/minh/grok-evals-minh/vendor/AndroidBench/.venv/bin/python -m harness.inference.androidbench --instance AlphaWallet__alpha-wallet-android-pr_3329 --workers 1 --model xai/grok-4.3 --run-name full_run_v1 --images local --skip-existing
[2026-05-14 01:44:47]   infer rc=0 elapsed=284.8s cost=$0.1181 total=$0.1181 balance_exhausted=False
[2026-05-14 01:44:47] [1/100] AlphaWallet__alpha-wallet-android-pr_3329: verify
[2026-05-14 01:44:47]   verify cmd: yes y | /home/minh/grok-evals-minh/vendor/AndroidBench/.venv/bin/verifier --tasks-dir /home/minh/grok-evals-minh/vendor/AndroidBench/dataset/tasks --run-name full_run_v1 --task AlphaWallet__alpha-wallet-android-pr_3329 --use_local_images
[2026-05-14 02:09:31]   verify rc=0 elapsed=1484.2s
[2026-05-14 02:09:32] [2/100] AntennaPod__AntennaPod-pr_6838: inference (running_total=$0.1181)
[2026-05-14 02:09:32]   infer cmd: /home/minh/grok-evals-minh/vendor/AndroidBench/.venv/bin/python -m harness.inference.androidbench --instance AntennaPod__AntennaPod-pr_6838 --workers 1 --model xai/grok-4.3 --run-name full_run_v1 --images local --skip-existing
[2026-05-14 02:11:16] === autopilot start run_name=full_run_v1 model=xai/grok-4.3 (no budget cap; stops on xAI balance-exhausted)
[2026-05-14 02:11:16] pid=87871 pidfile=/tmp/autopilot.pid
[2026-05-14 02:11:16] waiting for build100.log to report BUILD100_EXIT=...
[2026-05-14 02:11:16] build done. successfully_built=33 errors=81
[2026-05-14 02:11:16] task universe: 100
[2026-05-14 02:11:16] resume: pre_inferred=1 pre_spend=$0.1181
[2026-05-14 02:11:16] [2/100] AntennaPod__AntennaPod-pr_6838: inference (running_total=$0.1181)
[2026-05-14 02:11:16]   infer cmd: /home/minh/grok-evals-minh/vendor/AndroidBench/.venv/bin/python -m harness.inference.androidbench --instance AntennaPod__AntennaPod-pr_6838 --workers 1 --model xai/grok-4.3 --run-name full_run_v1 --images local --skip-existing
[2026-05-14 02:13:30]   infer rc=0 elapsed=134.0s cost=$0.0330 total=$0.1512 balance_exhausted=False
[2026-05-14 02:13:30] [3/100] Automattic__pocket-casts-android-pr_1114: SKIP (no docker image — was a build failure)
[2026-05-14 02:13:30] [4/100] Automattic__pocket-casts-android-pr_3970: SKIP (no docker image — was a build failure)
[2026-05-14 02:13:30] [5/100] Automattic__pocket-casts-android-pr_757: SKIP (no docker image — was a build failure)
[2026-05-14 02:13:30] [6/100] CatimaLoyalty__Android-pr_1524: SKIP (no docker image — was a build failure)
[2026-05-14 02:13:30] [7/100] CatimaLoyalty__Android-pr_1588: SKIP (no docker image — was a build failure)
[2026-05-14 02:13:30] [8/100] DroidKaigi__conference-app-2023-pr_896: inference (running_total=$0.1512)
[2026-05-14 02:13:30]   infer cmd: /home/minh/grok-evals-minh/vendor/AndroidBench/.venv/bin/python -m harness.inference.androidbench --instance DroidKaigi__conference-app-2023-pr_896 --workers 1 --model xai/grok-4.3 --run-name full_run_v1 --images local --skip-existing
[2026-05-14 02:16:50]   infer rc=0 elapsed=200.2s cost=$0.0667 total=$0.2179 balance_exhausted=False
[2026-05-14 02:16:50] [9/100] LemmyNet__jerboa-pr_1068: SKIP (no docker image — was a build failure)
[2026-05-14 02:16:50] [10/100] LemmyNet__jerboa-pr_1114: SKIP (no docker image — was a build failure)
[2026-05-14 02:16:50] [11/100] LemmyNet__jerboa-pr_1122: SKIP (no docker image — was a build failure)
[2026-05-14 02:16:50] [12/100] LemmyNet__jerboa-pr_1198: SKIP (no docker image — was a build failure)
[2026-05-14 02:16:51] [13/100] LemmyNet__jerboa-pr_1485: SKIP (no docker image — was a build failure)
[2026-05-14 02:16:51] [14/100] LemmyNet__jerboa-pr_809: SKIP (no docker image — was a build failure)
[2026-05-14 02:16:51] [15/100] LemmyNet__jerboa-pr_868: SKIP (no docker image — was a build failure)
[2026-05-14 02:16:51] [16/100] LemmyNet__jerboa-pr_894: SKIP (no docker image — was a build failure)
[2026-05-14 02:16:51] [17/100] LemmyNet__jerboa-pr_941: SKIP (no docker image — was a build failure)
[2026-05-14 02:16:51] [18/100] LemmyNet__jerboa-pr_946: SKIP (no docker image — was a build failure)
[2026-05-14 02:16:51] [19/100] LemmyNet__jerboa-pr_947: SKIP (no docker image — was a build failure)
[2026-05-14 02:16:51] [20/100] LemmyNet__jerboa-pr_985: SKIP (no docker image — was a build failure)
[2026-05-14 02:16:51] [21/100] LemmyNet__jerboa-pr_991: inference (running_total=$0.2179)
[2026-05-14 02:16:51]   infer cmd: /home/minh/grok-evals-minh/vendor/AndroidBench/.venv/bin/python -m harness.inference.androidbench --instance LemmyNet__jerboa-pr_991 --workers 1 --model xai/grok-4.3 --run-name full_run_v1 --images local --skip-existing
[2026-05-14 02:30:15]   infer rc=0 elapsed=803.9s cost=$2.2768 total=$2.4947 balance_exhausted=False
[2026-05-14 02:30:15] [22/100] MohamedRejeb__compose-rich-editor-pr_319: inference (running_total=$2.4947)
[2026-05-14 02:30:15]   infer cmd: /home/minh/grok-evals-minh/vendor/AndroidBench/.venv/bin/python -m harness.inference.androidbench --instance MohamedRejeb__compose-rich-editor-pr_319 --workers 1 --model xai/grok-4.3 --run-name full_run_v1 --images local --skip-existing
[2026-05-14 02:42:31]   infer rc=0 elapsed=735.7s cost=$0.6110 total=$3.1058 balance_exhausted=False
[2026-05-14 02:42:31] [23/100] MohamedRejeb__compose-rich-editor-pr_335: inference (running_total=$3.1058)
[2026-05-14 02:42:31]   infer cmd: /home/minh/grok-evals-minh/vendor/AndroidBench/.venv/bin/python -m harness.inference.androidbench --instance MohamedRejeb__compose-rich-editor-pr_335 --workers 1 --model xai/grok-4.3 --run-name full_run_v1 --images local --skip-existing
[2026-05-14 02:46:42]   infer rc=0 elapsed=251.6s cost=$0.1252 total=$3.2310 balance_exhausted=False
[2026-05-14 02:46:42]   --- batch checkpoint after 5 new tasks (total spend $3.2310) ---
